Copyright 1986-2022 Xilinx, Inc. All Rights Reserved. Copyright 2022-2025 Advanced Micro Devices, Inc. All Rights Reserved.
---------------------------------------------------------------------------------------------------------------------------------------------
| Tool Version : Vivado v.2025.2 (win64) Build 6299465 Fri Nov 14 19:35:11 GMT 2025
| Date         : Wed Jun  3 17:27:48 2026
| Host         : ANDERREGIDOFDF2 running 64-bit major release  (build 9200)
| Command      : report_control_sets -verbose -file basys3_4004_soc_control_sets_placed.rpt
| Design       : basys3_4004_soc
| Device       : xc7a35ti
---------------------------------------------------------------------------------------------------------------------------------------------

Control Set Information

Table of Contents
-----------------
1. Summary
2. Histogram
3. Flip-Flop Distribution
4. Detailed Control Set Information

1. Summary
----------

+----------------------------------------------------------+-------+
|                          Status                          | Count |
+----------------------------------------------------------+-------+
| Total control sets                                       |    39 |
|    Minimum number of control sets                        |    39 |
|    Addition due to synthesis replication                 |     0 |
|    Addition due to physical synthesis replication        |     0 |
| Unused register locations in slices containing registers |   151 |
+----------------------------------------------------------+-------+
* Control sets can be merged at opt_design using control_set_merge or merge_equivalent_drivers
** Run report_qor_suggestions for automated merging and remapping suggestions


2. Histogram
------------

+--------------------+-------+
|       Fanout       | Count |
+--------------------+-------+
| Total control sets |    39 |
| >= 0 to < 4        |     2 |
| >= 4 to < 6        |    27 |
| >= 6 to < 8        |     0 |
| >= 8 to < 10       |     3 |
| >= 10 to < 12      |     0 |
| >= 12 to < 14      |     4 |
| >= 14 to < 16      |     0 |
| >= 16              |     3 |
+--------------------+-------+
* Control sets can be remapped at either synth_design or opt_design


3. Flip-Flop Distribution
-------------------------

+--------------+-----------------------+------------------------+-----------------+--------------+
| Clock Enable | Synchronous Set/Reset | Asynchronous Set/Reset | Total Registers | Total Slices |
+--------------+-----------------------+------------------------+-----------------+--------------+
| No           | No                    | No                     |              40 |           17 |
| No           | No                    | Yes                    |               8 |            6 |
| No           | Yes                   | No                     |              25 |            8 |
| Yes          | No                    | No                     |              32 |            8 |
| Yes          | No                    | Yes                    |             136 |           52 |
| Yes          | Yes                   | No                     |               8 |            4 |
+--------------+-----------------------+------------------------+-----------------+--------------+


4. Detailed Control Set Information
-----------------------------------

+-----------------------------------------------------------------------+------------------------------------------------------------------------------------+---------------------------------------------------------+------------------+----------------+--------------+
|                              Clock Signal                             |                                    Enable Signal                                   |                     Set/Reset Signal                    | Slice Load Count | Bel Load Count | Bels / Slice |
+-----------------------------------------------------------------------+------------------------------------------------------------------------------------+---------------------------------------------------------+------------------+----------------+--------------+
|  inst_cpu/inst_instruction_register/gen_high[0].bit_high/cable_sp_clk |                                                                                    |                                                         |                1 |              1 |         1.00 |
|  inst_cpu/inst_instruction_register/gen_high[1].bit_high/q_aux_reg    |                                                                                    |                                                         |                1 |              1 |         1.00 |
|  clk_ph1_BUFG                                                         | inst_cpu/inst_instruction_register/gen_high[2].bit_high/GEN_EN[12].en_regs_reg[12] | rst_debounced_reg_n_0                                   |                1 |              4 |         4.00 |
|  clk_ph1_BUFG                                                         | inst_cpu/inst_instruction_register/gen_high[2].bit_high/GEN_EN[11].en_regs_reg[11] | rst_debounced_reg_n_0                                   |                2 |              4 |         2.00 |
|  clk_ph1_BUFG                                                         | inst_cpu/inst_instruction_register/gen_high[2].bit_high/GEN_EN[7].en_regs_reg[7]   | rst_debounced_reg_n_0                                   |                1 |              4 |         4.00 |
|  clk_ph1_BUFG                                                         | inst_cpu/inst_instruction_register/gen_high[2].bit_high/GEN_EN[4].en_regs_reg[4]   | rst_debounced_reg_n_0                                   |                2 |              4 |         2.00 |
|  clk_ph1_BUFG                                                         | inst_cpu/inst_instruction_register/gen_high[2].bit_high/GEN_EN[13].en_regs_reg[13] | rst_debounced_reg_n_0                                   |                2 |              4 |         2.00 |
|  clk_ph1_BUFG                                                         | inst_cpu/inst_timing_and_control/cable_current_frag_reg_4                          | rst_debounced_reg_n_0                                   |                1 |              4 |         4.00 |
|  clk_ph1_BUFG                                                         | inst_cpu/inst_timing_and_control/current_state_reg[2]_2[1]                         | rst_debounced_reg_n_0                                   |                1 |              4 |         4.00 |
|  clk_ph1_BUFG                                                         | inst_cpu/inst_timing_and_control/current_state_reg[2]_2[0]                         | rst_debounced_reg_n_0                                   |                2 |              4 |         2.00 |
|  clk_ph1_BUFG                                                         | inst_cpu/inst_instruction_register/gen_high[2].bit_high/GEN_EN[14].en_regs_reg[14] | rst_debounced_reg_n_0                                   |                2 |              4 |         2.00 |
|  clk_ph1_BUFG                                                         | inst_cpu/inst_timing_and_control/E[0]                                              |                                                         |                1 |              4 |         4.00 |
|  clk_ph1_BUFG                                                         | inst_cpu/inst_timing_and_control/E[1]                                              |                                                         |                1 |              4 |         4.00 |
|  clk_ph1_BUFG                                                         | inst_cpu/inst_timing_and_control/load_ir_high                                      | rst_debounced_reg_n_0                                   |                1 |              4 |         4.00 |
|  clk_ph1_BUFG                                                         | inst_cpu/inst_instruction_register/gen_high[3].bit_high/ctrl_acc_load              | rst_debounced_reg_n_0                                   |                1 |              4 |         4.00 |
|  clk_ph1_BUFG                                                         | inst_cpu/inst_instruction_register/gen_high[1].bit_high/ctrl_tmp_load              | rst_debounced_reg_n_0                                   |                1 |              4 |         4.00 |
|  clk_ph1_BUFG                                                         | inst_rom/rom2_io_out_reg[3]_i_1_n_0                                                |                                                         |                1 |              4 |         4.00 |
|  clk_ph1_BUFG                                                         | inst_rom/active_rom_port[0]                                                        |                                                         |                1 |              4 |         4.00 |
|  clk_ph1_BUFG                                                         | inst_cpu/inst_instruction_register/gen_high[2].bit_high/E                          | rst_debounced_reg_n_0                                   |                1 |              4 |         4.00 |
|  clk_ph1_BUFG                                                         | inst_cpu/inst_instruction_register/gen_high[2].bit_high/GEN_EN[10].en_regs_reg[10] | rst_debounced_reg_n_0                                   |                2 |              4 |         2.00 |
|  clk_ph1_BUFG                                                         | inst_cpu/inst_instruction_register/gen_high[2].bit_high/GEN_EN[6].en_regs_reg[6]   | rst_debounced_reg_n_0                                   |                2 |              4 |         2.00 |
|  clk_ph1_BUFG                                                         | inst_cpu/inst_instruction_register/gen_high[2].bit_high/GEN_EN[8].en_regs_reg[8]   | rst_debounced_reg_n_0                                   |                3 |              4 |         1.33 |
|  clk_ph1_BUFG                                                         | inst_cpu/inst_instruction_register/gen_high[2].bit_high/GEN_EN[9].en_regs_reg[9]   | rst_debounced_reg_n_0                                   |                1 |              4 |         4.00 |
|  clk_ph1_BUFG                                                         | inst_cpu/inst_instruction_register/gen_high[2].bit_high/GEN_EN[2].en_regs_reg[2]   | rst_debounced_reg_n_0                                   |                1 |              4 |         4.00 |
|  clk_ph1_BUFG                                                         | inst_cpu/inst_instruction_register/gen_high[2].bit_high/GEN_EN[0].en_regs_reg[0]   | rst_debounced_reg_n_0                                   |                1 |              4 |         4.00 |
|  clk_ph1_BUFG                                                         | inst_cpu/inst_instruction_register/gen_high[2].bit_high/GEN_EN[3].en_regs_reg[3]   | rst_debounced_reg_n_0                                   |                2 |              4 |         2.00 |
|  clk_ph1_BUFG                                                         | inst_cpu/inst_instruction_register/gen_high[2].bit_high/GEN_EN[5].en_regs_reg[5]   | rst_debounced_reg_n_0                                   |                1 |              4 |         4.00 |
|  clk_ph1_BUFG                                                         | inst_cpu/inst_instruction_register/gen_high[2].bit_high/GEN_EN[15].en_regs_reg[15] | rst_debounced_reg_n_0                                   |                2 |              4 |         2.00 |
|  clk_ph1_BUFG                                                         |                                                                                    |                                                         |                2 |              5 |         2.50 |
|  clk_ph1_BUFG                                                         |                                                                                    | rst_debounced_reg_n_0                                   |                6 |              8 |         1.33 |
|  clk_ph1_BUFG                                                         | inst_cpu/inst_timing_and_control/t_state_reg[0]                                    | inst_cpu/inst_timing_and_control/current_state_reg[0]_0 |                4 |              8 |         2.00 |
|  clk_IBUF_BUFG                                                        |                                                                                    | p_0_in__0                                               |                3 |              8 |         2.67 |
|  clk_ph1_BUFG                                                         | inst_cpu/inst_timing_and_control/current_state_reg[2]_3                            | rst_debounced_reg_n_0                                   |                8 |             12 |         1.50 |
|  clk_ph1_BUFG                                                         | inst_cpu/inst_timing_and_control/current_state_reg[2]_4                            | rst_debounced_reg_n_0                                   |                3 |             12 |         4.00 |
|  clk_ph1_BUFG                                                         | inst_cpu/inst_timing_and_control/E_0                                               | rst_debounced_reg_n_0                                   |                4 |             12 |         3.00 |
|  clk_ph1_BUFG                                                         | inst_cpu/inst_timing_and_control/current_state_reg[2]_5                            | rst_debounced_reg_n_0                                   |                4 |             12 |         3.00 |
|  clk_IBUF_BUFG                                                        | reset_shift[0]                                                                     |                                                         |                4 |             16 |         4.00 |
|  clk_IBUF_BUFG                                                        |                                                                                    | reset_shift[0]                                          |                5 |             17 |         3.40 |
|  clk_IBUF_BUFG                                                        |                                                                                    |                                                         |               13 |             33 |         2.54 |
+-----------------------------------------------------------------------+------------------------------------------------------------------------------------+---------------------------------------------------------+------------------+----------------+--------------+


