Copyright 1986-2022 Xilinx, Inc. All Rights Reserved. Copyright 2022-2025 Advanced Micro Devices, Inc. All Rights Reserved.
---------------------------------------------------------------------------------------------------------------------------------------------
| Tool Version : Vivado v.2025.2 (win64) Build 6299465 Fri Nov 14 19:35:11 GMT 2025
| Date         : Wed Jun  3 17:28:18 2026
| Host         : ANDERREGIDOFDF2 running 64-bit major release  (build 9200)
| Command      : report_drc -file basys3_4004_soc_drc_routed.rpt -pb basys3_4004_soc_drc_routed.pb -rpx basys3_4004_soc_drc_routed.rpx
| Design       : basys3_4004_soc
| Device       : xc7a35ticpg236-1L
| Speed File   : -1L
| Design State : Fully Routed
---------------------------------------------------------------------------------------------------------------------------------------------

Report DRC

Table of Contents
-----------------
1. REPORT SUMMARY
2. REPORT DETAILS

1. REPORT SUMMARY
-----------------
            Netlist: netlist
          Floorplan: design_1
      Design limits: <entire design considered>
           Ruledeck: default
             Max checks: <unlimited>
             Checks found: 8
+-------------+----------+-------------------------------------------------------------+--------+
| Rule        | Severity | Description                                                 | Checks |
+-------------+----------+-------------------------------------------------------------+--------+
| LUTLP-2     | Warning  | Combinatorial Loop Allowed                                  | 4      |
| PDRC-153    | Warning  | Gated clock check                                           | 2      |
| PLHOLDVIO-2 | Warning  | Non-Optimal connections which could lead to hold violations | 2      |
+-------------+----------+-------------------------------------------------------------+--------+

2. REPORT DETAILS
-----------------
LUTLP-2#1 Warning
Combinatorial Loop Allowed  
3 LUT cells form a combinatorial loop. This can create a race condition. Timing analysis may not be accurate. The preferred resolution is to modify the design to remove combinatorial logic loops. This loop has been identified in the constraints as being known and understood by use of the ALLOW_COMBINATORIAL_LOOPS property on a net in the loop. The cells in the loop are: inst_cpu/inst_instruction_register/gen_high[1].bit_high/q_i_4__0,
inst_cpu/inst_instruction_register/gen_high[2].bit_high/q_i_1__9
inst_rom/addr_reg[5]_i_1.
Related violations: <none>

LUTLP-2#2 Warning
Combinatorial Loop Allowed  
3 LUT cells form a combinatorial loop. This can create a race condition. Timing analysis may not be accurate. The preferred resolution is to modify the design to remove combinatorial logic loops. This loop has been identified in the constraints as being known and understood by use of the ALLOW_COMBINATORIAL_LOOPS property on a net in the loop. The cells in the loop are: inst_cpu/inst_instruction_register/gen_high[2].bit_high/q_i_1__3,
inst_cpu/inst_instruction_register/gen_low[2].bit_low/q_i_5__2
inst_rom/addr_reg[6]_i_1.
Related violations: <none>

LUTLP-2#3 Warning
Combinatorial Loop Allowed  
3 LUT cells form a combinatorial loop. This can create a race condition. Timing analysis may not be accurate. The preferred resolution is to modify the design to remove combinatorial logic loops. This loop has been identified in the constraints as being known and understood by use of the ALLOW_COMBINATORIAL_LOOPS property on a net in the loop. The cells in the loop are: inst_cpu/inst_instruction_register/gen_low[0].bit_low/q_i_7__2,
inst_cpu/inst_timing_and_control/q_i_2__5, inst_rom/addr_reg[4]_i_1.
Related violations: <none>

LUTLP-2#4 Warning
Combinatorial Loop Allowed  
4 LUT cells form a combinatorial loop. This can create a race condition. Timing analysis may not be accurate. The preferred resolution is to modify the design to remove combinatorial logic loops. This loop has been identified in the constraints as being known and understood by use of the ALLOW_COMBINATORIAL_LOOPS property on a net in the loop. The cells in the loop are: inst_cpu/inst_instruction_register/gen_high[1].bit_high/q_i_12,
inst_cpu/inst_instruction_register/gen_high[2].bit_high/q_i_1__6,
inst_cpu/inst_instruction_register/gen_low[0].bit_low/q_i_5__1
inst_rom/addr_reg[7]_i_2.
Related violations: <none>

PDRC-153#1 Warning
Gated clock check  
Net inst_cpu/inst_instruction_register/gen_high[0].bit_high/cable_sp_clk is a gated clock net sourced by a combinational pin inst_cpu/inst_instruction_register/gen_high[0].bit_high/q_aux_i_2/O, cell inst_cpu/inst_instruction_register/gen_high[0].bit_high/q_aux_i_2. This is not good design practice and will likely impact performance. For SLICE registers, for example, use the CE pin to control the loading of data.
Related violations: <none>

PDRC-153#2 Warning
Gated clock check  
Net inst_cpu/inst_instruction_register/gen_high[1].bit_high/q_aux_reg is a gated clock net sourced by a combinational pin inst_cpu/inst_instruction_register/gen_high[1].bit_high/q_aux_i_2__0/O, cell inst_cpu/inst_instruction_register/gen_high[1].bit_high/q_aux_i_2__0. This is not good design practice and will likely impact performance. For SLICE registers, for example, use the CE pin to control the loading of data.
Related violations: <none>

PLHOLDVIO-2#1 Warning
Non-Optimal connections which could lead to hold violations  
A LUT inst_cpu/inst_instruction_register/gen_high[0].bit_high/q_aux_i_2 is driving clock pin of 1 cells. This could lead to large hold time violations. Involved cells are:
inst_cpu/inst_address_stack/SP/b1/q_aux_reg
Related violations: <none>

PLHOLDVIO-2#2 Warning
Non-Optimal connections which could lead to hold violations  
A LUT inst_cpu/inst_instruction_register/gen_high[1].bit_high/q_aux_i_2__0 is driving clock pin of 1 cells. This could lead to large hold time violations. Involved cells are:
inst_cpu/inst_address_stack/SP/b2/q_aux_reg
Related violations: <none>


